 Admin@DESKTOP-L07JV97 MINGW64 /
$ cd ~/Desktop

Admin@DESKTOP-L07JV97 MINGW64 ~/Desktop
$ git clone https://github.com/nttdat25174600180/08_Nguyen_Thong_Thanh_Dat_Bai_Tap.git
Cloning into '08_Nguyen_Thong_Thanh_Dat_Bai_Tap'...
remote: Enumerating objects: 3, done.
remote: Counting objects: 100% (3/3), done.
remote: Total 3 (delta 0), reused 0 (delta 0), pack-reused 0 (from 0)
Receiving objects: 100% (3/3), done.

Admin@DESKTOP-L07JV97 MINGW64 ~/Desktop
$ cd 08_Nguyen_Thong_Thanh_Dat_bai_tap

Admin@DESKTOP-L07JV97 MINGW64 ~/Desktop/08_Nguyen_Thong_Thanh_Dat_bai_tap (main)
$ cat > readme.md <<'EOF'
> Lorem ipsum dolor sit amet, consectetur adipiscing elit. Integer efficitur, eros at
lacinia suscipit, magna turpis aliquam est, sit amet aliquam quam libero id mi. Ut
vel placerat risus. Sed tempor in ex vitae sodales. Donec et tempor orci. In
pharetra viverra sagittis. Vestibulum risus ante, molestie ac eros efficitur, bibendum
tincidunt turpis. In sit amet tortor gravida, ultricies ante vitae, varius tortor.
Aliquam finibus porta nulla sed gravida. Aliquam ultricies dapibus ante eget
molestie. In hac habitasse platea dictumst. Aliquam aliquam enim at massa
pharetra, et vestibulum sapien consequat. Donec accumsan quis metus at
pellentesque. Morbi quis felis placerat, interdum justo a, aliquam risus.
> EOF

Admin@DESKTOP-L07JV97 MINGW64 ~/Desktop/08_Nguyen_Thong_Thanh_Dat_bai_tap (main)
$ git add readme.md

Admin@DESKTOP-L07JV97 MINGW64 ~/Desktop/08_Nguyen_Thong_Thanh_Dat_bai_tap (main)
$ git commit -m "Update readme.md with required Lorem ipsum"
On branch main
Your branch is up to date with 'origin/main'.

Changes not staged for commit:
  (use "git add <file>..." to update what will be committed)
  (use "git restore <file>..." to discard changes in working directory)
        modified:   README.md

no changes added to commit (use "git add" and/or "git commit -a")

Admin@DESKTOP-L07JV97 MINGW64 ~/Desktop/08_Nguyen_Thong_Thanh_Dat_bai_tap (main)
$ git push origin main
Everything up-to-date

Admin@DESKTOP-L07JV97 MINGW64 ~/Desktop/08_Nguyen_Thong_Thanh_Dat_bai_tap (main)
$ git add README.md
warning: in the working copy of 'README.md', LF will be replaced by CRLF the next time Git touches it

Admin@DESKTOP-L07JV97 MINGW64 ~/Desktop/08_Nguyen_Thong_Thanh_Dat_bai_tap (main)
$ git commit -m "Update readme.md with required Lorem ipsum"
[main d374009] Update readme.md with required Lorem ipsum
 1 file changed, 9 insertions(+), 1 deletion(-)

Admin@DESKTOP-L07JV97 MINGW64 ~/Desktop/08_Nguyen_Thong_Thanh_Dat_bai_tap (main)
$ git push origin main
Enumerating objects: 5, done.
Counting objects: 100% (5/5), done.
Delta compression using up to 12 threads
Compressing objects: 100% (2/2), done.
Writing objects: 100% (3/3), 642 bytes | 642.00 KiB/s, done.
Total 3 (delta 0), reused 0 (delta 0), pack-reused 0 (from 0)
To https://github.com/nttdat25174600180/08_Nguyen_Thong_Thanh_Dat_Bai_Tap.git
   a15b765..d374009  main -> main

Admin@DESKTOP-L07JV97 MINGW64 ~/Desktop/08_Nguyen_Thong_Thanh_Dat_bai_tap (main)
$ git checkout main
Already on 'main'
Your branch is up to date with 'origin/main'.

Admin@DESKTOP-L07JV97 MINGW64 ~/Desktop/08_Nguyen_Thong_Thanh_Dat_bai_tap (main)
$ git pull origin main
From https://github.com/nttdat25174600180/08_Nguyen_Thong_Thanh_Dat_Bai_Tap
 * branch            main       -> FETCH_HEAD
Already up to date.

Admin@DESKTOP-L07JV97 MINGW64 ~/Desktop/08_Nguyen_Thong_Thanh_Dat_bai_tap (main)
$ git checkout -b branch_1
Switched to a new branch 'branch_1'

Admin@DESKTOP-L07JV97 MINGW64 ~/Desktop/08_Nguyen_Thong_Thanh_Dat_bai_tap (branch_1)
$ echo "Lorem ipsum dolor sit amet, consectetur adipiscing elit." > text_branch_1.txt

Admin@DESKTOP-L07JV97 MINGW64 ~/Desktop/08_Nguyen_Thong_Thanh_Dat_bai_tap (branch_1)
$ git add text_branch_1.txt
warning: in the working copy of 'text_branch_1.txt', LF will be replaced by CRLF the next time Git touches it

Admin@DESKTOP-L07JV97 MINGW64 ~/Desktop/08_Nguyen_Thong_Thanh_Dat_bai_tap (branch_1)
$ git commit -m "Add text_branch_1.txt"
[branch_1 c2d11c2] Add text_branch_1.txt
 1 file changed, 1 insertion(+)
 create mode 100644 text_branch_1.txt

Admin@DESKTOP-L07JV97 MINGW64 ~/Desktop/08_Nguyen_Thong_Thanh_Dat_bai_tap (branch_1)
$ git push origin branch_1
Enumerating objects: 4, done.
Counting objects: 100% (4/4), done.
Delta compression using up to 12 threads
Compressing objects: 100% (3/3), done.
Writing objects: 100% (3/3), 345 bytes | 345.00 KiB/s, done.
Total 3 (delta 0), reused 0 (delta 0), pack-reused 0 (from 0)
remote:
remote: Create a pull request for 'branch_1' on GitHub by visiting:
remote:      https://github.com/nttdat25174600180/08_Nguyen_Thong_Thanh_Dat_Bai_Tap/pull/new/branch_1
remote:
To https://github.com/nttdat25174600180/08_Nguyen_Thong_Thanh_Dat_Bai_Tap.git
 * [new branch]      branch_1 -> branch_1

Admin@DESKTOP-L07JV97 MINGW64 ~/Desktop/08_Nguyen_Thong_Thanh_Dat_bai_tap (branch_1)
$ git checkout main
Switched to branch 'main'
Your branch is up to date with 'origin/main'.

Admin@DESKTOP-L07JV97 MINGW64 ~/Desktop/08_Nguyen_Thong_Thanh_Dat_bai_tap (main)
$ git checkout -b branch_2
Switched to a new branch 'branch_2'

Admin@DESKTOP-L07JV97 MINGW64 ~/Desktop/08_Nguyen_Thong_Thanh_Dat_bai_tap (branch_2)
$ echo "Praesent ullamcorper orci eu erat placerat sodales." > text_branch_2.txt

Admin@DESKTOP-L07JV97 MINGW64 ~/Desktop/08_Nguyen_Thong_Thanh_Dat_bai_tap (branch_2)
$ git add text_branch_2.txt
warning: in the working copy of 'text_branch_2.txt', LF will be replaced by CRLF the next time Git touches it

Admin@DESKTOP-L07JV97 MINGW64 ~/Desktop/08_Nguyen_Thong_Thanh_Dat_bai_tap (branch_2)
$ git commit -m "Add text_branch_2.txt"
[branch_2 3c70bf3] Add text_branch_2.txt
 1 file changed, 1 insertion(+)
 create mode 100644 text_branch_2.txt

Admin@DESKTOP-L07JV97 MINGW64 ~/Desktop/08_Nguyen_Thong_Thanh_Dat_bai_tap (branch_2)
$ git push origin branch_2
Enumerating objects: 4, done.
Counting objects: 100% (4/4), done.
Delta compression using up to 12 threads
Compressing objects: 100% (3/3), done.
Writing objects: 100% (3/3), 340 bytes | 340.00 KiB/s, done.
Total 3 (delta 0), reused 0 (delta 0), pack-reused 0 (from 0)
remote:
remote: Create a pull request for 'branch_2' on GitHub by visiting:
remote:      https://github.com/nttdat25174600180/08_Nguyen_Thong_Thanh_Dat_Bai_Tap/pull/new/branch_2
remote:
To https://github.com/nttdat25174600180/08_Nguyen_Thong_Thanh_Dat_Bai_Tap.git
 * [new branch]      branch_2 -> branch_2

Admin@DESKTOP-L07JV97 MINGW64 ~/Desktop/08_Nguyen_Thong_Thanh_Dat_bai_tap (branch_2)
$ git checkout main
Switched to branch 'main'
Your branch is up to date with 'origin/main'.

Admin@DESKTOP-L07JV97 MINGW64 ~/Desktop/08_Nguyen_Thong_Thanh_Dat_bai_tap (main)
$ git checkout -b branch_3
Switched to a new branch 'branch_3'

Admin@DESKTOP-L07JV97 MINGW64 ~/Desktop/08_Nguyen_Thong_Thanh_Dat_bai_tap (branch_3)
$ echo "Integer sit amet nisi aliquam, tempor libero quis, cursus erat." > text_branch_3.txt

Admin@DESKTOP-L07JV97 MINGW64 ~/Desktop/08_Nguyen_Thong_Thanh_Dat_bai_tap (branch_3)
$ git add text_branch_3.txt
warning: in the working copy of 'text_branch_3.txt', LF will be replaced by CRLF the next time Git touches it

Admin@DESKTOP-L07JV97 MINGW64 ~/Desktop/08_Nguyen_Thong_Thanh_Dat_bai_tap (branch_3)
$ git commit -m "Add text_branch_3.txt"
[branch_3 5f70a24] Add text_branch_3.txt
 1 file changed, 1 insertion(+)
 create mode 100644 text_branch_3.txt

Admin@DESKTOP-L07JV97 MINGW64 ~/Desktop/08_Nguyen_Thong_Thanh_Dat_bai_tap (branch_3)
$ git push origin branch_3
Enumerating objects: 4, done.
Counting objects: 100% (4/4), done.
Delta compression using up to 12 threads
Compressing objects: 100% (3/3), done.
Writing objects: 100% (3/3), 349 bytes | 349.00 KiB/s, done.
Total 3 (delta 0), reused 0 (delta 0), pack-reused 0 (from 0)
remote:
remote: Create a pull request for 'branch_3' on GitHub by visiting:
remote:      https://github.com/nttdat25174600180/08_Nguyen_Thong_Thanh_Dat_Bai_Tap/pull/new/branch_3
remote:
To https://github.com/nttdat25174600180/08_Nguyen_Thong_Thanh_Dat_Bai_Tap.git
 * [new branch]      branch_3 -> branch_3

Admin@DESKTOP-L07JV97 MINGW64 ~/Desktop/08_Nguyen_Thong_Thanh_Dat_bai_tap (branch_3)
$ git checkout main
Switched to branch 'main'
Your branch is up to date with 'origin/main'.

Admin@DESKTOP-L07JV97 MINGW64 ~/Desktop/08_Nguyen_Thong_Thanh_Dat_bai_tap (main)
$ git checkout -b branch_4
Switched to a new branch 'branch_4'

Admin@DESKTOP-L07JV97 MINGW64 ~/Desktop/08_Nguyen_Thong_Thanh_Dat_bai_tap (branch_4)
$ echo "Cras ac mi nec nisi porta ultrices sed non ante." > text_branch_4.txt

Admin@DESKTOP-L07JV97 MINGW64 ~/Desktop/08_Nguyen_Thong_Thanh_Dat_bai_tap (branch_4)
$ git add text_branch_4.txt
warning: in the working copy of 'text_branch_4.txt', LF will be replaced by CRLF the next time Git touches it

Admin@DESKTOP-L07JV97 MINGW64 ~/Desktop/08_Nguyen_Thong_Thanh_Dat_bai_tap (branch_4)
$ git commit -m "Add text_branch_4.txt"
[branch_4 ade0a79] Add text_branch_4.txt
 1 file changed, 1 insertion(+)
 create mode 100644 text_branch_4.txt

Admin@DESKTOP-L07JV97 MINGW64 ~/Desktop/08_Nguyen_Thong_Thanh_Dat_bai_tap (branch_4)
$ git push origin branch_4
Enumerating objects: 4, done.
Counting objects: 100% (4/4), done.
Delta compression using up to 12 threads
Compressing objects: 100% (2/2), done.
Writing objects: 100% (3/3), 338 bytes | 338.00 KiB/s, done.
Total 3 (delta 0), reused 0 (delta 0), pack-reused 0 (from 0)
remote:
remote: Create a pull request for 'branch_4' on GitHub by visiting:
remote:      https://github.com/nttdat25174600180/08_Nguyen_Thong_Thanh_Dat_Bai_Tap/pull/new/branch_4
remote:
To https://github.com/nttdat25174600180/08_Nguyen_Thong_Thanh_Dat_Bai_Tap.git
 * [new branch]      branch_4 -> branch_4

Admin@DESKTOP-L07JV97 MINGW64 ~/Desktop/08_Nguyen_Thong_Thanh_Dat_bai_tap (branch_4)
$ git branch -d branch_4
error: cannot delete branch 'branch_4' used by worktree at 'C:/Users/Admin/Desktop/08_Nguyen_Thong_Thanh_Dat_Bai_Tap'

Admin@DESKTOP-L07JV97 MINGW64 ~/Desktop/08_Nguyen_Thong_Thanh_Dat_bai_tap (branch_4)
$ git checkout main
Switched to branch 'main'
Your branch is up to date with 'origin/main'.

Admin@DESKTOP-L07JV97 MINGW64 ~/Desktop/08_Nguyen_Thong_Thanh_Dat_bai_tap (main)
$ git branch -d branch_4
error: the branch 'branch_4' is not fully merged
hint: If you are sure you want to delete it, run 'git branch -D branch_4'
hint: Disable this message with "git config set advice.forceDeleteBranch false"

Admin@DESKTOP-L07JV97 MINGW64 ~/Desktop/08_Nguyen_Thong_Thanh_Dat_bai_tap (main)
$ git branch --list
  branch_1
  branch_2
  branch_3
  branch_4
* main

Admin@DESKTOP-L07JV97 MINGW64 ~/Desktop/08_Nguyen_Thong_Thanh_Dat_bai_tap (main)
$ git branch -D branch_4
Deleted branch branch_4 (was ade0a79).

Admin@DESKTOP-L07JV97 MINGW64 ~/Desktop/08_Nguyen_Thong_Thanh_Dat_bai_tap (main)
$ git branch
  branch_1
  branch_2
  branch_3
* main

Admin@DESKTOP-L07JV97 MINGW64 ~/Desktop/08_Nguyen_Thong_Thanh_Dat_bai_tap (main)
$ git branch --list
  branch_1
  branch_2
  branch_3
* main

Admin@DESKTOP-L07JV97 MINGW64 ~/Desktop/08_Nguyen_Thong_Thanh_Dat_bai_tap (main)
$ git fetch origin

Admin@DESKTOP-L07JV97 MINGW64 ~/Desktop/08_Nguyen_Thong_Thanh_Dat_bai_tap (main)
$ git branch -r
  origin/HEAD -> origin/main
  origin/branch_1
  origin/branch_2
  origin/branch_3
  origin/branch_4
  origin/main

Admin@DESKTOP-L07JV97 MINGW64 ~/Desktop/08_Nguyen_Thong_Thanh_Dat_bai_tap (main)
$ git checkout main
Already on 'main'
Your branch is up to date with 'origin/main'.

Admin@DESKTOP-L07JV97 MINGW64 ~/Desktop/08_Nguyen_Thong_Thanh_Dat_bai_tap (main)
$ git pull origin main
From https://github.com/nttdat25174600180/08_Nguyen_Thong_Thanh_Dat_Bai_Tap
 * branch            main       -> FETCH_HEAD
Already up to date.

Admin@DESKTOP-L07JV97 MINGW64 ~/Desktop/08_Nguyen_Thong_Thanh_Dat_bai_tap (main)
$ git checkout main
Already on 'main'
Your branch is up to date with 'origin/main'.

Admin@DESKTOP-L07JV97 MINGW64 ~/Desktop/08_Nguyen_Thong_Thanh_Dat_bai_tap (main)
$ mkdir main_folder

Admin@DESKTOP-L07JV97 MINGW64 ~/Desktop/08_Nguyen_Thong_Thanh_Dat_bai_tap (main)
$ echo "file 1" > main_folder/main_txt_1.txt

Admin@DESKTOP-L07JV97 MINGW64 ~/Desktop/08_Nguyen_Thong_Thanh_Dat_bai_tap (main)
$ echo "file 2" > main_folder/main_txt_2.txt

Admin@DESKTOP-L07JV97 MINGW64 ~/Desktop/08_Nguyen_Thong_Thanh_Dat_bai_tap (main)
$ echo "file 3" > main_folder/main_txt_3.txt

Admin@DESKTOP-L07JV97 MINGW64 ~/Desktop/08_Nguyen_Thong_Thanh_Dat_bai_tap (main)
$ git add main_folder
warning: in the working copy of 'main_folder/main_txt_1.txt', LF will be replaced by CRLF the next time Git touches it
warning: in the working copy of 'main_folder/main_txt_2.txt', LF will be replaced by CRLF the next time Git touches it
Merge made by the 'ort' strategy.
 main_folder/main_txt_1.txt | 1 +
 main_folder/main_txt_2.txt | 1 +
 main_folder/main_txt_3.txt | 1 +
 3 files changed, 3 insertions(+)
 create mode 100644 main_folder/main_txt_1.txt
 create mode 100644 main_folder/main_txt_2.txt
 create mode 100644 main_folder/main_txt_3.txt

Admin@DESKTOP-L07JV97 MINGW64 ~/Desktop/08_Nguyen_Thong_Thanh_Dat_bai_tap (branch_1)
$ git commit -m "Add main_folder with main_txt_1/2/3"
On branch branch_1
nothing to commit, working tree clean

Admin@DESKTOP-L07JV97 MINGW64 ~/Desktop/08_Nguyen_Thong_Thanh_Dat_bai_tap (branch_1)
$ git push origin main

Merge made by the 'ort' strategy.
 main_folder/main_txt_1.txt | 1 +
 main_folder/main_txt_2.txt | 1 +
 main_folder/main_txt_3.txt | 1 +
 3 files changed, 3 insertions(+)
 create mode 100644 main_folder/main_txt_1.txt
 create mode 100644 main_folder/main_txt_2.txt
 create mode 100644 main_folder/main_txt_3.txt

Admin@DESKTOP-L07JV97 MINGW64 ~/Desktop/08_Nguyen_Thong_Thanh_Dat_bai_tap (branch_3)
$ git push origin branch_3
Enumerating objects: 4, done.
Counting objects: 100% (4/4), done.
Delta compression using up to 12 threads
Compressing objects: 100% (2/2), done.
Writing objects: 100% (2/2), 357 bytes | 357.00 KiB/s, done.
Total 2 (delta 0), reused 0 (delta 0), pack-reused 0 (from 0)
To https://github.com/nttdat25174600180/08_Nguyen_Thong_Thanh_Dat_Bai_Tap.git
   5f70a24..b7b8a72  branch_3 -> branch_3

Admin@DESKTOP-L07JV97 MINGW64 ~/Desktop/08_Nguyen_Thong_Thanh_Dat_bai_tap (branch_3)
$ git checkout branch_1
Switched to branch 'branch_1'

Admin@DESKTOP-L07JV97 MINGW64 ~/Desktop/08_Nguyen_Thong_Thanh_Dat_bai_tap (branch_1)
$ git checkout -b branch_5
Switched to a new branch 'branch_5'

Admin@DESKTOP-L07JV97 MINGW64 ~/Desktop/08_Nguyen_Thong_Thanh_Dat_bai_tap (branch_5)
$ cat > text_branch_1.txt <<'EOF'
> Etiam malesuada felis nulla, ac porta dui sollicitudin eget. Mauris hendrerit non
metus eget pellentesque. Etiam ornare ante at pretium hendrerit. Proin molestie
accumsan sapien, ac finibus libero lobortis quis. Praesent ac commodo eros.
Nullam malesuada v el dui nec feugiat. Cras justo ipsum, scelerisque et elit vitae,
porttitor tristique turpis. Nam ut hendrerit est. Nulla sed tincidunt nibh. Class
aptent taciti sociosqu ad litora torquent per conubia nostra, per inceptos
himenaeos. Quisque vitae egestas lacus. Phasellus turpis ante, euismod quis
pellentesque et, pharetra id ligula. Vestibulum mattis sem ac ligula auctor viverra.
Phasellus dignissim mollis leo, vitae tristique enim.
> EOF

Admin@DESKTOP-L07JV97 MINGW64 ~/Desktop/08_Nguyen_Thong_Thanh_Dat_bai_tap (branch_5)
$ git add text_branch_1.txt
warning: in the working copy of 'text_branch_1.txt', LF will be replaced by CRLF the next time Git touches it

Admin@DESKTOP-L07JV97 MINGW64 ~/Desktop/08_Nguyen_Thong_Thanh_Dat_bai_tap (branch_5)
$ git commit -m "Cập nhật nội dung text_branch_1.txt trong branch_5"
[branch_5 e6d115d] Cập nhật nội dung text_branch_1.txt trong branch_5
 1 file changed, 9 insertions(+), 1 deletion(-)

Admin@DESKTOP-L07JV97 MINGW64 ~/Desktop/08_Nguyen_Thong_Thanh_Dat_bai_tap (branch_5)
$ git push origin branch_5
Enumerating objects: 5, done.
Counting objects: 100% (5/5), done.
Delta compression using up to 12 threads
Compressing objects: 100% (3/3), done.
Writing objects: 100% (3/3), 675 bytes | 675.00 KiB/s, done.
Total 3 (delta 1), reused 0 (delta 0), pack-reused 0 (from 0)
remote: Resolving deltas: 100% (1/1), completed with 1 local object.
remote:
remote: Create a pull request for 'branch_5' on GitHub by visiting:
remote:      https://github.com/nttdat25174600180/08_Nguyen_Thong_Thanh_Dat_Bai_Tap/pull/new/branch_5
remote:
To https://github.com/nttdat25174600180/08_Nguyen_Thong_Thanh_Dat_Bai_Tap.git
 * [new branch]      branch_5 -> branch_5

Admin@DESKTOP-L07JV97 MINGW64 ~/Desktop/08_Nguyen_Thong_Thanh_Dat_bai_tap (branch_5)
$ git branch -a
  branch_1
  branch_2
  branch_3
* branch_5
  main
  remotes/origin/HEAD -> origin/main
  remotes/origin/branch_1
  remotes/origin/branch_2
  remotes/origin/branch_3
  remotes/origin/branch_4
  remotes/origin/branch_5
  remotes/origin/main

Admin@DESKTOP-L07JV97 MINGW64 ~/Desktop/08_Nguyen_Thong_Thanh_Dat_bai_tap (branch_5)
$ git branch -a
  branch_1
  branch_2
  branch_3
* branch_5
  main
  remotes/origin/HEAD -> origin/main
  remotes/origin/branch_1
  remotes/origin/branch_2
  remotes/origin/branch_3
  remotes/origin/branch_4
  remotes/origin/branch_5
  remotes/origin/main

Admin@DESKTOP-L07JV97 MINGW64 ~/Desktop/08_Nguyen_Thong_Thanh_Dat_bai_tap (branch_5)
$ git checkout main
Switched to branch 'main'
Your branch is up to date with 'origin/main'.

Admin@DESKTOP-L07JV97 MINGW64 ~/Desktop/08_Nguyen_Thong_Thanh_Dat_bai_tap (main)
$ git pull origin main
remote: Enumerating objects: 12, done.
remote: Counting objects: 100% (12/12), done.
remote: Compressing objects: 100% (7/7), done.
remote: Total 7 (delta 2), reused 0 (delta 0), pack-reused 0 (from 0)
Unpacking objects: 100% (7/7), 3.75 KiB | 78.00 KiB/s, done.
From https://github.com/nttdat25174600180/08_Nguyen_Thong_Thanh_Dat_Bai_Tap
 * branch            main       -> FETCH_HEAD
   150b4b7..9cf2e0e  main       -> origin/main
Updating 150b4b7..9cf2e0e
Fast-forward
 text_branch_1.txt | 9 +++++++++
 text_branch_2.txt | 1 +
 text_branch_3.txt | 1 +
 3 files changed, 11 insertions(+)
 create mode 100644 text_branch_1.txt
 create mode 100644 text_branch_2.txt
 create mode 100644 text_branch_3.txt

Admin@DESKTOP-L07JV97 MINGW64 ~/Desktop/08_Nguyen_Thong_Thanh_Dat_bai_tap (main)
$ dỉ
bash: dỉ: command not found

Admin@DESKTOP-L07JV97 MINGW64 ~/Desktop/08_Nguyen_Thong_Thanh_Dat_bai_tap (main)
$ dir
README.md  main_folder  text_branch_1.txt  text_branch_2.txt  text_branch_3.txt

Admin@DESKTOP-L07JV97 MINGW64 ~/Desktop/08_Nguyen_Thong_Thanh_Dat_bai_tap (main)
$ git checkout branch_1
Switched to branch 'branch_1'

Admin@DESKTOP-L07JV97 MINGW64 ~/Desktop/08_Nguyen_Thong_Thanh_Dat_bai_tap (branch_1)
$ git merge main
Updating 604b6bf..9cf2e0e
Fast-forward
 text_branch_1.txt | 10 +++++++++-
 text_branch_2.txt |  1 +
 text_branch_3.txt |  1 +
 3 files changed, 11 insertions(+), 1 deletion(-)
 create mode 100644 text_branch_2.txt
 create mode 100644 text_branch_3.txt

Admin@DESKTOP-L07JV97 MINGW64 ~/Desktop/08_Nguyen_Thong_Thanh_Dat_bai_tap (branch_1)
$ git push origin branch_1
Total 0 (delta 0), reused 0 (delta 0), pack-reused 0 (from 0)
remote:
remote: Create a pull request for 'branch_1' on GitHub by visiting:
remote:      https://github.com/nttdat25174600180/08_Nguyen_Thong_Thanh_Dat_Bai_Tap/pull/new/branch_1
remote:
To https://github.com/nttdat25174600180/08_Nguyen_Thong_Thanh_Dat_Bai_Tap.git
 * [new branch]      branch_1 -> branch_1

Admin@DESKTOP-L07JV97 MINGW64 ~/Desktop/08_Nguyen_Thong_Thanh_Dat_bai_tap (branch_1)
$ git checkout branch_2
Switched to branch 'branch_2'

Admin@DESKTOP-L07JV97 MINGW64 ~/Desktop/08_Nguyen_Thong_Thanh_Dat_bai_tap (branch_2)
$ git merge main
Updating d8ffd89..9cf2e0e
Fast-forward
 text_branch_1.txt | 9 +++++++++
 text_branch_3.txt | 1 +
 2 files changed, 10 insertions(+)
 create mode 100644 text_branch_1.txt
 create mode 100644 text_branch_3.txt
Merge made by the 'ort' strategy.
 main_folder/main_txt_1.txt | 1 +
 main_folder/main_txt_2.txt | 1 +
 main_folder/main_txt_3.txt | 1 +
 text_branch_1.txt          | 9 +++++++++
 text_branch_2.txt          | 1 +
 text_branch_3.txt          | 1 +
 6 files changed, 14 insertions(+)
 create mode 100644 main_folder/main_txt_1.txt
 create mode 100644 main_folder/main_txt_2.txt
 create mode 100644 main_folder/main_txt_3.txt
 create mode 100644 text_branch_1.txt
 create mode 100644 text_branch_2.txt
 create mode 100644 text_branch_3.txt

Admin@DESKTOP-L07JV97 MINGW64 ~/Desktop/08_Nguyen_Thong_Thanh_Dat_bai_tap (branch_4)
$ git push origin branch_4
Enumerating objects: 4, done.
Counting objects: 100% (4/4), done.
Delta compression using up to 12 threads
Compressing objects: 100% (2/2), done.
Writing objects: 100% (2/2), 309 bytes | 309.00 KiB/s, done.
Total 2 (delta 1), reused 0 (delta 0), pack-reused 0 (from 0)
remote: Resolving deltas: 100% (1/1), completed with 1 local object.
To https://github.com/nttdat25174600180/08_Nguyen_Thong_Thanh_Dat_Bai_Tap.git
   ade0a79..96bf50d  branch_4 -> branch_4

Admin@DESKTOP-L07JV97 MINGW64 ~/Desktop/08_Nguyen_Thong_Thanh_Dat_bai_tap (branch_4)
$ git checkout branch_5
Switched to branch 'branch_5'

Admin@DESKTOP-L07JV97 MINGW64 ~/Desktop/08_Nguyen_Thong_Thanh_Dat_bai_tap (branch_5)
$ git merge main
Updating e6d115d..9cf2e0e
Fast-forward
 text_branch_2.txt | 1 +
 text_branch_3.txt | 1 +
 2 files changed, 2 insertions(+)
 create mode 100644 text_branch_2.txt
 create mode 100644 text_branch_3.txt

Admin@DESKTOP-L07JV97 MINGW64 ~/Desktop/08_Nguyen_Thong_Thanh_Dat_bai_tap (branch_5)
$ git push origin branch_5
Total 0 (delta 0), reused 0 (delta 0), pack-reused 0 (from 0)
To https://github.com/nttdat25174600180/08_Nguyen_Thong_Thanh_Dat_Bai_Tap.git
   e6d115d..9cf2e0e  branch_5 -> branch_5

Admin@DESKTOP-L07JV97 MINGW64 ~/Desktop/08_Nguyen_Thong_Thanh_Dat_bai_tap (branch_5)
$ git checkout main
Switched to branch 'main'
Your branch is up to date with 'origin/main'.

Admin@DESKTOP-L07JV97 MINGW64 ~/Desktop/08_Nguyen_Thong_Thanh_Dat_bai_tap (main)
$ git pull origin main
remote: Enumerating objects: 1, done.
remote: Counting objects: 100% (1/1), done.
remote: Total 1 (delta 0), reused 0 (delta 0), pack-reused 0 (from 0)
Unpacking objects: 100% (1/1), 898 bytes | 149.00 KiB/s, done.
From https://github.com/nttdat25174600180/08_Nguyen_Thong_Thanh_Dat_Bai_Tap
 * branch            main       -> FETCH_HEAD
   9cf2e0e..53d1674  main       -> origin/main
Updating 9cf2e0e..53d1674
Fast-forward
 text_branch_4.txt | 1 +
 1 file changed, 1 insertion(+)
 create mode 100644 text_branch_4.txt

Admin@DESKTOP-L07JV97 MINGW64 ~/Desktop/08_Nguyen_Thong_Thanh_Dat_bai_tap (main)
$ dir
README.md  main_folder  text_branch_1.txt  text_branch_2.txt  text_branch_3.txt  text_branch_4.txt

Admin@DESKTOP-L07JV97 MINGW64 ~/Desktop/08_Nguyen_Thong_Thanh_Dat_bai_tap (main)
$ git checkout branch_1
Switched to branch 'branch_1'

Admin@DESKTOP-L07JV97 MINGW64 ~/Desktop/08_Nguyen_Thong_Thanh_Dat_bai_tap (branch_1)
$ git merge main
Updating 9cf2e0e..53d1674
Fast-forward
 text_branch_4.txt | 1 +
 1 file changed, 1 insertion(+)
 create mode 100644 text_branch_4.txt

Admin@DESKTOP-L07JV97 MINGW64 ~/Desktop/08_Nguyen_Thong_Thanh_Dat_bai_tap (branch_1)
$ git push origin branch_1
Total 0 (delta 0), reused 0 (delta 0), pack-reused 0 (from 0)
To https://github.com/nttdat25174600180/08_Nguyen_Thong_Thanh_Dat_Bai_Tap.git
   9cf2e0e..53d1674  branch_1 -> branch_1

Admin@DESKTOP-L07JV97 MINGW64 ~/Desktop/08_Nguyen_Thong_Thanh_Dat_bai_tap (branch_1)
$ git checkout branch_2
Switched to branch 'branch_2'

Admin@DESKTOP-L07JV97 MINGW64 ~/Desktop/08_Nguyen_Thong_Thanh_Dat_bai_tap (branch_2)
$ git merge main
Updating 9cf2e0e..53d1674
Fast-forward
 text_branch_4.txt | 1 +
 1 file changed, 1 insertion(+)
 create mode 100644 text_branch_4.txt

Admin@DESKTOP-L07JV97 MINGW64 ~/Desktop/08_Nguyen_Thong_Thanh_Dat_bai_tap (branch_2)
$ git push origin branch_2
Total 0 (delta 0), reused 0 (delta 0), pack-reused 0 (from 0)
To https://github.com/nttdat25174600180/08_Nguyen_Thong_Thanh_Dat_Bai_Tap.git
   9cf2e0e..53d1674  branch_2 -> branch_2

Admin@DESKTOP-L07JV97 MINGW64 ~/Desktop/08_Nguyen_Thong_Thanh_Dat_bai_tap (branch_2)
$ git checkout branch_3
Switched to branch 'branch_3'

Admin@DESKTOP-L07JV97 MINGW64 ~/Desktop/08_Nguyen_Thong_Thanh_Dat_bai_tap (branch_3)
$ git merge main
Updating 9cf2e0e..53d1674
Fast-forward
 text_branch_4.txt | 1 +
 1 file changed, 1 insertion(+)
 create mode 100644 text_branch_4.txt

Admin@DESKTOP-L07JV97 MINGW64 ~/Desktop/08_Nguyen_Thong_Thanh_Dat_bai_tap (branch_3)
$ git push origin branch_3
Total 0 (delta 0), reused 0 (delta 0), pack-reused 0 (from 0)
To https://github.com/nttdat25174600180/08_Nguyen_Thong_Thanh_Dat_Bai_Tap.git
   9cf2e0e..53d1674  branch_3 -> branch_3

Admin@DESKTOP-L07JV97 MINGW64 ~/Desktop/08_Nguyen_Thong_Thanh_Dat_bai_tap (branch_3)
$ git checkout branch_4
Switched to branch 'branch_4'
Your branch is up to date with 'origin/branch_4'.

Admin@DESKTOP-L07JV97 MINGW64 ~/Desktop/08_Nguyen_Thong_Thanh_Dat_bai_tap (branch_4)
$ git merge main
Updating 96bf50d..53d1674
Fast-forward

Admin@DESKTOP-L07JV97 MINGW64 ~/Desktop/08_Nguyen_Thong_Thanh_Dat_bai_tap (branch_4)
$ git push origin branch_4
Total 0 (delta 0), reused 0 (delta 0), pack-reused 0 (from 0)
To https://github.com/nttdat25174600180/08_Nguyen_Thong_Thanh_Dat_Bai_Tap.git
   96bf50d..53d1674  branch_4 -> branch_4

Admin@DESKTOP-L07JV97 MINGW64 ~/Desktop/08_Nguyen_Thong_Thanh_Dat_bai_tap (branch_4)
$ git checkout branch_5
Switched to branch 'branch_5'

Admin@DESKTOP-L07JV97 MINGW64 ~/Desktop/08_Nguyen_Thong_Thanh_Dat_bai_tap (branch_5)
$ git merge main
Updating 9cf2e0e..53d1674
Fast-forward
 text_branch_4.txt | 1 +
 1 file changed, 1 insertion(+)
 create mode 100644 text_branch_4.txt

Admin@DESKTOP-L07JV97 MINGW64 ~/Desktop/08_Nguyen_Thong_Thanh_Dat_bai_tap (branch_5)
$ git push origin branch_5
Total 0 (delta 0), reused 0 (delta 0), pack-reused 0 (from 0)
To https://github.com/nttdat25174600180/08_Nguyen_Thong_Thanh_Dat_Bai_Tap.git
   9cf2e0e..53d1674  branch_5 -> branch_5

Admin@DESKTOP-L07JV97 MINGW64 ~/Desktop/08_Nguyen_Thong_Thanh_Dat_bai_tap (branch_5)
$ git branch -d branch_2
Deleted branch branch_2 (was 53d1674).

Admin@DESKTOP-L07JV97 MINGW64 ~/Desktop/08_Nguyen_Thong_Thanh_Dat_bai_tap (branch_5)
$ git branch -d branch_3
Deleted branch branch_3 (was 53d1674).

Admin@DESKTOP-L07JV97 MINGW64 ~/Desktop/08_Nguyen_Thong_Thanh_Dat_bai_tap (branch_5)
$ git branch -d branch_4
Deleted branch branch_4 (was 53d1674).

Admin@DESKTOP-L07JV97 MINGW64 ~/Desktop/08_Nguyen_Thong_Thanh_Dat_bai_tap (branch_5)
$ git push origin --delete branch_2
To https://github.com/nttdat25174600180/08_Nguyen_Thong_Thanh_Dat_Bai_Tap.git
 - [deleted]         branch_2

Admin@DESKTOP-L07JV97 MINGW64 ~/Desktop/08_Nguyen_Thong_Thanh_Dat_bai_tap (branch_5)
$ git push origin --delete branch_3
To https://github.com/nttdat25174600180/08_Nguyen_Thong_Thanh_Dat_Bai_Tap.git
 - [deleted]         branch_3

Admin@DESKTOP-L07JV97 MINGW64 ~/Desktop/08_Nguyen_Thong_Thanh_Dat_bai_tap (branch_5)
$ git push origin --delete branch_4
To https://github.com/nttdat25174600180/08_Nguyen_Thong_Thanh_Dat_Bai_Tap.git
 - [deleted]         branch_4

Admin@DESKTOP-L07JV97 MINGW64 ~/Desktop/08_Nguyen_Thong_Thanh_Dat_bai_tap (branch_5)
$ git checkout branch_1
Switched to branch 'branch_1'

Admin@DESKTOP-L07JV97 MINGW64 ~/Desktop/08_Nguyen_Thong_Thanh_Dat_bai_tap (branch_1)
$ git merge main
Already up to date.

Admin@DESKTOP-L07JV97 MINGW64 ~/Desktop/08_Nguyen_Thong_Thanh_Dat_bai_tap (branch_1)
$ git push origin branch_1
Everything up-to-date

Admin@DESKTOP-L07JV97 MINGW64 ~/Desktop/08_Nguyen_Thong_Thanh_Dat_bai_tap (branch_1)
$ git checkout main
Switched to branch 'main'
Your branch is up to date with 'origin/main'.

Admin@DESKTOP-L07JV97 MINGW64 ~/Desktop/08_Nguyen_Thong_Thanh_Dat_bai_tap (main)
$ echo " " > 08_Nguyen_Thong_Thanh_Dat_doan_ma.txt

Admin@DESKTOP-L07JV97 MINGW64 ~/Desktop/08_Nguyen_Thong_Thanh_Dat_bai_tap (main)
$ code 08_Nguyen_Thong_Thanh_Dat_doan_ma.txt
bash: code: command not found

Admin@DESKTOP-L07JV97 MINGW64 ~/Desktop/08_Nguyen_Thong_Thanh_Dat_bai_tap (main)
$ notepad 08_Nguyen_Thong_Thanh_Dat_doan_ma.txt


